Archive member included to satisfy reference by file (symbol)

e:/st/stm32cubeide_1.9.0/stm32cubeide/plugins/com.st.stm32cube.ide.mcu.externaltools.gnu-tools-for-stm32.10.3-2021.10.win32_1.0.0.202111181127/tools/bin/../lib/gcc/arm-none-eabi/10.3.1/../../../../arm-none-eabi/lib/thumb/v6-m/nofp\libc_nano.a(lib_a-errno.o)
                              ./Core/Src/syscalls.o (__errno)
e:/st/stm32cubeide_1.9.0/stm32cubeide/plugins/com.st.stm32cube.ide.mcu.externaltools.gnu-tools-for-stm32.10.3-2021.10.win32_1.0.0.202111181127/tools/bin/../lib/gcc/arm-none-eabi/10.3.1/../../../../arm-none-eabi/lib/thumb/v6-m/nofp\libc_nano.a(lib_a-exit.o)
                              e:/st/stm32cubeide_1.9.0/stm32cubeide/plugins/com.st.stm32cube.ide.mcu.externaltools.gnu-tools-for-stm32.10.3-2021.10.win32_1.0.0.202111181127/tools/bin/../lib/gcc/arm-none-eabi/10.3.1/../../../../arm-none-eabi/lib/thumb/v6-m/nofp/crt0.o (exit)
e:/st/stm32cubeide_1.9.0/stm32cubeide/plugins/com.st.stm32cube.ide.mcu.externaltools.gnu-tools-for-stm32.10.3-2021.10.win32_1.0.0.202111181127/tools/bin/../lib/gcc/arm-none-eabi/10.3.1/../../../../arm-none-eabi/lib/thumb/v6-m/nofp\libc_nano.a(lib_a-impure.o)
                              e:/st/stm32cubeide_1.9.0/stm32cubeide/plugins/com.st.stm32cube.ide.mcu.externaltools.gnu-tools-for-stm32.10.3-2021.10.win32_1.0.0.202111181127/tools/bin/../lib/gcc/arm-none-eabi/10.3.1/../../../../arm-none-eabi/lib/thumb/v6-m/nofp\libc_nano.a(lib_a-exit.o) (_global_impure_ptr)
e:/st/stm32cubeide_1.9.0/stm32cubeide/plugins/com.st.stm32cube.ide.mcu.externaltools.gnu-tools-for-stm32.10.3-2021.10.win32_1.0.0.202111181127/tools/bin/../lib/gcc/arm-none-eabi/10.3.1/../../../../arm-none-eabi/lib/thumb/v6-m/nofp\libc_nano.a(lib_a-init.o)
                              e:/st/stm32cubeide_1.9.0/stm32cubeide/plugins/com.st.stm32cube.ide.mcu.externaltools.gnu-tools-for-stm32.10.3-2021.10.win32_1.0.0.202111181127/tools/bin/../lib/gcc/arm-none-eabi/10.3.1/../../../../arm-none-eabi/lib/thumb/v6-m/nofp/crt0.o (__libc_init_array)
e:/st/stm32cubeide_1.9.0/stm32cubeide/plugins/com.st.stm32cube.ide.mcu.externaltools.gnu-tools-for-stm32.10.3-2021.10.win32_1.0.0.202111181127/tools/bin/../lib/gcc/arm-none-eabi/10.3.1/../../../../arm-none-eabi/lib/thumb/v6-m/nofp\libc_nano.a(lib_a-memset.o)
                              e:/st/stm32cubeide_1.9.0/stm32cubeide/plugins/com.st.stm32cube.ide.mcu.externaltools.gnu-tools-for-stm32.10.3-2021.10.win32_1.0.0.202111181127/tools/bin/../lib/gcc/arm-none-eabi/10.3.1/../../../../arm-none-eabi/lib/thumb/v6-m/nofp/crt0.o (memset)
e:/st/stm32cubeide_1.9.0/stm32cubeide/plugins/com.st.stm32cube.ide.mcu.externaltools.gnu-tools-for-stm32.10.3-2021.10.win32_1.0.0.202111181127/tools/bin/../lib/gcc/arm-none-eabi/10.3.1/thumb/v6-m/nofp\libgcc.a(_udivsi3.o)
                              ./Core/Src/system_stm32f0xx.o (__aeabi_uidiv)
e:/st/stm32cubeide_1.9.0/stm32cubeide/plugins/com.st.stm32cube.ide.mcu.externaltools.gnu-tools-for-stm32.10.3-2021.10.win32_1.0.0.202111181127/tools/bin/../lib/gcc/arm-none-eabi/10.3.1/thumb/v6-m/nofp\libgcc.a(_dvmd_tls.o)
                              e:/st/stm32cubeide_1.9.0/stm32cubeide/plugins/com.st.stm32cube.ide.mcu.externaltools.gnu-tools-for-stm32.10.3-2021.10.win32_1.0.0.202111181127/tools/bin/../lib/gcc/arm-none-eabi/10.3.1/thumb/v6-m/nofp\libgcc.a(_udivsi3.o) (__aeabi_idiv0)

Discarded input sections

 .text          0x0000000000000000        0x0 e:/st/stm32cubeide_1.9.0/stm32cubeide/plugins/com.st.stm32cube.ide.mcu.externaltools.gnu-tools-for-stm32.10.3-2021.10.win32_1.0.0.202111181127/tools/bin/../lib/gcc/arm-none-eabi/10.3.1/thumb/v6-m/nofp/crti.o
 .data          0x0000000000000000        0x0 e:/st/stm32cubeide_1.9.0/stm32cubeide/plugins/com.st.stm32cube.ide.mcu.externaltools.gnu-tools-for-stm32.10.3-2021.10.win32_1.0.0.202111181127/tools/bin/../lib/gcc/arm-none-eabi/10.3.1/thumb/v6-m/nofp/crti.o
 .bss           0x0000000000000000        0x0 e:/st/stm32cubeide_1.9.0/stm32cubeide/plugins/com.st.stm32cube.ide.mcu.externaltools.gnu-tools-for-stm32.10.3-2021.10.win32_1.0.0.202111181127/tools/bin/../lib/gcc/arm-none-eabi/10.3.1/thumb/v6-m/nofp/crti.o
 .data          0x0000000000000000        0x4 e:/st/stm32cubeide_1.9.0/stm32cubeide/plugins/com.st.stm32cube.ide.mcu.externaltools.gnu-tools-for-stm32.10.3-2021.10.win32_1.0.0.202111181127/tools/bin/../lib/gcc/arm-none-eabi/10.3.1/thumb/v6-m/nofp/crtbegin.o
 .rodata        0x0000000000000000       0x24 e:/st/stm32cubeide_1.9.0/stm32cubeide/plugins/com.st.stm32cube.ide.mcu.externaltools.gnu-tools-for-stm32.10.3-2021.10.win32_1.0.0.202111181127/tools/bin/../lib/gcc/arm-none-eabi/10.3.1/thumb/v6-m/nofp/crtbegin.o
 .text          0x0000000000000000       0x80 e:/st/stm32cubeide_1.9.0/stm32cubeide/plugins/com.st.stm32cube.ide.mcu.externaltools.gnu-tools-for-stm32.10.3-2021.10.win32_1.0.0.202111181127/tools/bin/../lib/gcc/arm-none-eabi/10.3.1/../../../../arm-none-eabi/lib/thumb/v6-m/nofp/crt0.o
[...]
Memory Configuration

Name             Origin             Length             Attributes
RAM              0x0000000020000000 0x0000000000002000 xrw
FLASH            0x0000000008000000 0x0000000000010000 xr
*default*        0x0000000000000000 0xffffffffffffffff

Linker script and memory map

LOAD e:/st/stm32cubeide_1.9.0/stm32cubeide/plugins/com.st.stm32cube.ide.mcu.externaltools.gnu-tools-for-stm32.10.3-2021.10.win32_1.0.0.202111181127/tools/bin/../lib/gcc/arm-none-eabi/10.3.1/thumb/v6-m/nofp/crti.o
LOAD e:/st/stm32cubeide_1.9.0/stm32cubeide/plugins/com.st.stm32cube.ide.mcu.externaltools.gnu-tools-for-stm32.10.3-2021.10.win32_1.0.0.202111181127/tools/bin/../lib/gcc/arm-none-eabi/10.3.1/thumb/v6-m/nofp/crtbegin.o
LOAD e:/st/stm32cubeide_1.9.0/stm32cubeide/plugins/com.st.stm32cube.ide.mcu.externaltools.gnu-tools-for-stm32.10.3-2021.10.win32_1.0.0.202111181127/tools/bin/../lib/gcc/arm-none-eabi/10.3.1/../../../../arm-none-eabi/lib/thumb/v6-m/nofp/crt0.o
LOAD ./Core/Src/main.o
LOAD ./Core/Src/stm32f0xx_hal_msp.o
LOAD ./Core/Src/stm32f0xx_it.o
LOAD ./Core/Src/syscalls.o
LOAD ./Core/Src/sysmem.o
LOAD ./Core/Src/system_stm32f0xx.o
LOAD ./Core/Startup/startup_stm32f051r8tx.o
LOAD ./Drivers/STM32F0xx_HAL_Driver/Src/stm32f0xx_hal.o
LOAD ./Drivers/STM32F0xx_HAL_Driver/Src/stm32f0xx_hal_cortex.o
LOAD ./Drivers/STM32F0xx_HAL_Driver/Src/stm32f0xx_hal_dma.o
LOAD ./Drivers/STM32F0xx_HAL_Driver/Src/stm32f0xx_hal_exti.o
LOAD ./Drivers/STM32F0xx_HAL_Driver/Src/stm32f0xx_hal_flash.o
LOAD ./Drivers/STM32F0xx_HAL_Driver/Src/stm32f0xx_hal_flash_ex.o
LOAD ./Drivers/STM32F0xx_HAL_Driver/Src/stm32f0xx_hal_gpio.o
LOAD ./Drivers/STM32F0xx_HAL_Driver/Src/stm32f0xx_hal_i2c.o
LOAD ./Drivers/STM32F0xx_HAL_Driver/Src/stm32f0xx_hal_i2c_ex.o
LOAD ./Drivers/STM32F0xx_HAL_Driver/Src/stm32f0xx_hal_pwr.o
LOAD ./Drivers/STM32F0xx_HAL_Driver/Src/stm32f0xx_hal_pwr_ex.o
LOAD ./Drivers/STM32F0xx_HAL_Driver/Src/stm32f0xx_hal_rcc.o
LOAD ./Drivers/STM32F0xx_HAL_Driver/Src/stm32f0xx_hal_rcc_ex.o
LOAD ./Drivers/STM32F0xx_HAL_Driver/Src/stm32f0xx_hal_tim.o
LOAD ./Drivers/STM32F0xx_HAL_Driver/Src/stm32f0xx_hal_tim_ex.o
START GROUP
LOAD e:/st/stm32cubeide_1.9.0/stm32cubeide/plugins/com.st.stm32cube.ide.mcu.externaltools.gnu-tools-for-stm32.10.3-2021.10.win32_1.0.0.202111181127/tools/bin/../lib/gcc/arm-none-eabi/10.3.1/../../../../arm-none-eabi/lib/thumb/v6-m/nofp\libc_nano.a
LOAD e:/st/stm32cubeide_1.9.0/stm32cubeide/plugins/com.st.stm32cube.ide.mcu.externaltools.gnu-tools-for-stm32.10.3-2021.10.win32_1.0.0.202111181127/tools/bin/../lib/gcc/arm-none-eabi/10.3.1/../../../../arm-none-eabi/lib/thumb/v6-m/nofp\libm.a
END GROUP
START GROUP
LOAD e:/st/stm32cubeide_1.9.0/stm32cubeide/plugins/com.st.stm32cube.ide.mcu.externaltools.gnu-tools-for-stm32.10.3-2021.10.win32_1.0.0.202111181127/tools/bin/../lib/gcc/arm-none-eabi/10.3.1/thumb/v6-m/nofp\libgcc.a
LOAD e:/st/stm32cubeide_1.9.0/stm32cubeide/plugins/com.st.stm32cube.ide.mcu.externaltools.gnu-tools-for-stm32.10.3-2021.10.win32_1.0.0.202111181127/tools/bin/../lib/gcc/arm-none-eabi/10.3.1/../../../../arm-none-eabi/lib/thumb/v6-m/nofp\libc_nano.a
END GROUP
START GROUP
LOAD e:/st/stm32cubeide_1.9.0/stm32cubeide/plugins/com.st.stm32cube.ide.mcu.externaltools.gnu-tools-for-stm32.10.3-2021.10.win32_1.0.0.202111181127/tools/bin/../lib/gcc/arm-none-eabi/10.3.1/thumb/v6-m/nofp\libgcc.a
LOAD e:/st/stm32cubeide_1.9.0/stm32cubeide/plugins/com.st.stm32cube.ide.mcu.externaltools.gnu-tools-for-stm32.10.3-2021.10.win32_1.0.0.202111181127/tools/bin/../lib/gcc/arm-none-eabi/10.3.1/../../../../arm-none-eabi/lib/thumb/v6-m/nofp\libc_nano.a
LOAD e:/st/stm32cubeide_1.9.0/stm32cubeide/plugins/com.st.stm32cube.ide.mcu.externaltools.gnu-tools-for-stm32.10.3-2021.10.win32_1.0.0.202111181127/tools/bin/../lib/gcc/arm-none-eabi/10.3.1/../../../../arm-none-eabi/lib/thumb/v6-m/nofp\libnosys.a
END GROUP
START GROUP
LOAD e:/st/stm32cubeide_1.9.0/stm32cubeide/plugins/com.st.stm32cube.ide.mcu.externaltools.gnu-tools-for-stm32.10.3-2021.10.win32_1.0.0.202111181127/tools/bin/../lib/gcc/arm-none-eabi/10.3.1/thumb/v6-m/nofp\libgcc.a
LOAD e:/st/stm32cubeide_1.9.0/stm32cubeide/plugins/com.st.stm32cube.ide.mcu.externaltools.gnu-tools-for-stm32.10.3-2021.10.win32_1.0.0.202111181127/tools/bin/../lib/gcc/arm-none-eabi/10.3.1/../../../../arm-none-eabi/lib/thumb/v6-m/nofp\libc_nano.a
LOAD e:/st/stm32cubeide_1.9.0/stm32cubeide/plugins/com.st.stm32cube.ide.mcu.externaltools.gnu-tools-for-stm32.10.3-2021.10.win32_1.0.0.202111181127/tools/bin/../lib/gcc/arm-none-eabi/10.3.1/../../../../arm-none-eabi/lib/thumb/v6-m/nofp\libnosys.a
END GROUP
LOAD e:/st/stm32cubeide_1.9.0/stm32cubeide/plugins/com.st.stm32cube.ide.mcu.externaltools.gnu-tools-for-stm32.10.3-2021.10.win32_1.0.0.202111181127/tools/bin/../lib/gcc/arm-none-eabi/10.3.1/thumb/v6-m/nofp/crtend.o
LOAD e:/st/stm32cubeide_1.9.0/stm32cubeide/plugins/com.st.stm32cube.ide.mcu.externaltools.gnu-tools-for-stm32.10.3-2021.10.win32_1.0.0.202111181127/tools/bin/../lib/gcc/arm-none-eabi/10.3.1/thumb/v6-m/nofp/crtn.o
                0x0000000020002000                _estack = (ORIGIN (RAM) + LENGTH (RAM))
                0x0000000000000200                _Min_Heap_Size = 0x200
                0x0000000000000400                _Min_Stack_Size = 0x400

.isr_vector     0x0000000008000000       0xc0
                0x0000000008000000                . = ALIGN (0x4)
 *(.isr_vector)
 .isr_vector    0x0000000008000000       0xc0 ./Core/Startup/startup_stm32f051r8tx.o
                0x0000000008000000                g_pfnVectors
                0x00000000080000c0                . = ALIGN (0x4)

.text           0x00000000080000c0     0x2b94
                0x00000000080000c0                . = ALIGN (0x4)
 *(.text)
 .text          0x00000000080000c0       0x48 e:/st/stm32cubeide_1.9.0/stm32cubeide/plugins/com.st.stm32cube.ide.mcu.externaltools.gnu-tools-for-stm32.10.3-2021.10.win32_1.0.0.202111181127/tools/bin/../lib/gcc/arm-none-eabi/10.3.1/thumb/v6-m/nofp/crtbegin.o
 .text          0x0000000008000108      0x114 e:/st/stm32cubeide_1.9.0/stm32cubeide/plugins/com.st.stm32cube.ide.mcu.externaltools.gnu-tools-for-stm32.10.3-2021.10.win32_1.0.0.202111181127/tools/bin/../lib/gcc/arm-none-eabi/10.3.1/thumb/v6-m/nofp\libgcc.a(_udivsi3.o)
                0x0000000008000108                __aeabi_uidiv
                0x0000000008000108                __udivsi3
                0x0000000008000214                __aeabi_uidivmod
 .text          0x000000000800021c        0x4 e:/st/stm32cubeide_1.9.0/stm32cubeide/plugins/com.st.stm32cube.ide.mcu.externaltools.gnu-tools-for-stm32.10.3-2021.10.win32_1.0.0.202111181127/tools/bin/../lib/gcc/arm-none-eabi/10.3.1/thumb/v6-m/nofp\libgcc.a(_dvmd_tls.o)
                0x000000000800021c                __aeabi_idiv0
                0x000000000800021c                __aeabi_ldiv0
 *(.text*)
 .text.main     0x0000000008000220       0x94 ./Core/Src/main.o
                0x0000000008000220                main
 .text.SystemClock_Config
                0x00000000080002b4       0x94 ./Core/Src/main.o
                0x00000000080002b4                SystemClock_Config
 .text.MX_TIM2_Init
                0x0000000008000348       0xfc ./Core/Src/main.o
 .text.MX_TIM3_Init
                0x0000000008000444      0x100 ./Core/Src/main.o
 .text.MX_DMA_Init
                0x0000000008000544       0x3c ./Core/Src/main.o
 .text.MX_GPIO_Init
                0x0000000008000580       0xe4 ./Core/Src/main.o
 .text.EXTI0_1_IRQHandler
                0x0000000008000664      0x11c ./Core/Src/main.o
                0x0000000008000664                EXTI0_1_IRQHandler
 .text.Error_Handler
                0x0000000008000780        0xa ./Core/Src/main.o
                0x0000000008000780                Error_Handler
 *fill*         0x000000000800078a        0x2 
 .text.HAL_MspInit
                0x000000000800078c       0x48 ./Core/Src/stm32f0xx_hal_msp.o
                0x000000000800078c                HAL_MspInit
 .text.HAL_TIM_Base_MspInit
                0x00000000080007d4       0xb8 ./Core/Src/stm32f0xx_hal_msp.o
                0x00000000080007d4                HAL_TIM_Base_MspInit
 .text.HAL_TIM_MspPostInit
                0x000000000800088c       0x7c ./Core/Src/stm32f0xx_hal_msp.o
                0x000000000800088c                HAL_TIM_MspPostInit
 .text.NMI_Handler
                0x0000000008000908        0x6 ./Core/Src/stm32f0xx_it.o
                0x0000000008000908                NMI_Handler
 .text.HardFault_Handler
                0x000000000800090e        0x6 ./Core/Src/stm32f0xx_it.o
                0x000000000800090e                HardFault_Handler
 .text.SVC_Handler
                0x0000000008000914        0xa ./Core/Src/stm32f0xx_it.o
                0x0000000008000914                SVC_Handler
 .text.PendSV_Handler
                0x000000000800091e        0xa ./Core/Src/stm32f0xx_it.o
                0x000000000800091e                PendSV_Handler
 .text.SysTick_Handler
                0x0000000008000928        0xe ./Core/Src/stm32f0xx_it.o
                0x0000000008000928                SysTick_Handler
 *fill*         0x0000000008000936        0x2 
 .text.DMA1_Channel4_5_IRQHandler
                0x0000000008000938       0x18 ./Core/Src/stm32f0xx_it.o
                0x0000000008000938                DMA1_Channel4_5_IRQHandler
 .text.SystemInit
                0x0000000008000950        0xa ./Core/Src/system_stm32f0xx.o
                0x0000000008000950                SystemInit
 *fill*         0x000000000800095a        0x2 
 .text.Reset_Handler
                0x000000000800095c       0x50 ./Core/Startup/startup_stm32f051r8tx.o
                0x000000000800095c                Reset_Handler
 .text.Default_Handler
                0x00000000080009ac        0x2 ./Core/Startup/startup_stm32f051r8tx.o
                0x00000000080009ac                TIM1_CC_IRQHandler
                0x00000000080009ac                TSC_IRQHandler
                0x00000000080009ac                ADC1_COMP_IRQHandler
                0x00000000080009ac                PVD_IRQHandler
                0x00000000080009ac                I2C1_IRQHandler
                0x00000000080009ac                RCC_CRS_IRQHandler
                0x00000000080009ac                SPI1_IRQHandler
                0x00000000080009ac                TIM6_DAC_IRQHandler
                0x00000000080009ac                EXTI2_3_IRQHandler
                0x00000000080009ac                I2C2_IRQHandler
                0x00000000080009ac                TIM17_IRQHandler
                0x00000000080009ac                CEC_CAN_IRQHandler
                0x00000000080009ac                RTC_IRQHandler
                0x00000000080009ac                TIM16_IRQHandler
                0x00000000080009ac                TIM3_IRQHandler
                0x00000000080009ac                EXTI4_15_IRQHandler
                0x00000000080009ac                DMA1_Channel1_IRQHandler
                0x00000000080009ac                Default_Handler
                0x00000000080009ac                TIM14_IRQHandler
                0x00000000080009ac                TIM15_IRQHandler
                0x00000000080009ac                SPI2_IRQHandler
                0x00000000080009ac                WWDG_IRQHandler
                0x00000000080009ac                TIM2_IRQHandler
                0x00000000080009ac                DMA1_Channel2_3_IRQHandler
                0x00000000080009ac                USART2_IRQHandler
                0x00000000080009ac                FLASH_IRQHandler
                0x00000000080009ac                USART1_IRQHandler
                0x00000000080009ac                TIM1_BRK_UP_TRG_COM_IRQHandler
 *fill*         0x00000000080009ae        0x2 
 .text.HAL_Init
                0x00000000080009b0       0x28 ./Drivers/STM32F0xx_HAL_Driver/Src/stm32f0xx_hal.o
                0x00000000080009b0                HAL_Init
 .text.HAL_InitTick
                0x00000000080009d8       0x68 ./Drivers/STM32F0xx_HAL_Driver/Src/stm32f0xx_hal.o
                0x00000000080009d8                HAL_InitTick
 .text.HAL_IncTick
                0x0000000008000a40       0x24 ./Drivers/STM32F0xx_HAL_Driver/Src/stm32f0xx_hal.o
                0x0000000008000a40                HAL_IncTick
 .text.HAL_GetTick
                0x0000000008000a64       0x14 ./Drivers/STM32F0xx_HAL_Driver/Src/stm32f0xx_hal.o
                0x0000000008000a64                HAL_GetTick
 .text.__NVIC_EnableIRQ
                0x0000000008000a78       0x34 ./Drivers/STM32F0xx_HAL_Driver/Src/stm32f0xx_hal_cortex.o
 .text.__NVIC_SetPriority
                0x0000000008000aac       0xdc ./Drivers/STM32F0xx_HAL_Driver/Src/stm32f0xx_hal_cortex.o
 .text.SysTick_Config
                0x0000000008000b88       0x48 ./Drivers/STM32F0xx_HAL_Driver/Src/stm32f0xx_hal_cortex.o
 .text.HAL_NVIC_SetPriority
                0x0000000008000bd0       0x2a ./Drivers/STM32F0xx_HAL_Driver/Src/stm32f0xx_hal_cortex.o
                0x0000000008000bd0                HAL_NVIC_SetPriority
 .text.HAL_NVIC_EnableIRQ
                0x0000000008000bfa       0x20 ./Drivers/STM32F0xx_HAL_Driver/Src/stm32f0xx_hal_cortex.o
                0x0000000008000bfa                HAL_NVIC_EnableIRQ
 .text.HAL_SYSTICK_Config
                0x0000000008000c1a       0x1a ./Drivers/STM32F0xx_HAL_Driver/Src/stm32f0xx_hal_cortex.o
                0x0000000008000c1a                HAL_SYSTICK_Config
 .text.HAL_DMA_Init
                0x0000000008000c34       0x90 ./Drivers/STM32F0xx_HAL_Driver/Src/stm32f0xx_hal_dma.o
                0x0000000008000c34                HAL_DMA_Init
 .text.HAL_DMA_Start_IT
                0x0000000008000cc4       0xcc ./Drivers/STM32F0xx_HAL_Driver/Src/stm32f0xx_hal_dma.o
                0x0000000008000cc4                HAL_DMA_Start_IT
 .text.HAL_DMA_Abort_IT
                0x0000000008000d90       0x8a ./Drivers/STM32F0xx_HAL_Driver/Src/stm32f0xx_hal_dma.o
                0x0000000008000d90                HAL_DMA_Abort_IT
 .text.HAL_DMA_IRQHandler
                0x0000000008000e1a      0x144 ./Drivers/STM32F0xx_HAL_Driver/Src/stm32f0xx_hal_dma.o
                0x0000000008000e1a                HAL_DMA_IRQHandler
 .text.DMA_SetConfig
                0x0000000008000f5e       0x58 ./Drivers/STM32F0xx_HAL_Driver/Src/stm32f0xx_hal_dma.o
 *fill*         0x0000000008000fb6        0x2 
 .text.DMA_CalcBaseAndBitshift
                0x0000000008000fb8       0x38 ./Drivers/STM32F0xx_HAL_Driver/Src/stm32f0xx_hal_dma.o
 .text.HAL_GPIO_Init
                0x0000000008000ff0      0x2e0 ./Drivers/STM32F0xx_HAL_Driver/Src/stm32f0xx_hal_gpio.o
                0x0000000008000ff0                HAL_GPIO_Init
 .text.HAL_GPIO_WritePin
                0x00000000080012d0       0x3a ./Drivers/STM32F0xx_HAL_Driver/Src/stm32f0xx_hal_gpio.o
                0x00000000080012d0                HAL_GPIO_WritePin
 *fill*         0x000000000800130a        0x2 
 .text.HAL_GPIO_EXTI_IRQHandler
                0x000000000800130c       0x38 ./Drivers/STM32F0xx_HAL_Driver/Src/stm32f0xx_hal_gpio.o
                0x000000000800130c                HAL_GPIO_EXTI_IRQHandler
 .text.HAL_GPIO_EXTI_Callback
                0x0000000008001344       0x14 ./Drivers/STM32F0xx_HAL_Driver/Src/stm32f0xx_hal_gpio.o
                0x0000000008001344                HAL_GPIO_EXTI_Callback
 .text.HAL_RCC_OscConfig
                0x0000000008001358      0x634 ./Drivers/STM32F0xx_HAL_Driver/Src/stm32f0xx_hal_rcc.o
                0x0000000008001358                HAL_RCC_OscConfig
 .text.HAL_RCC_ClockConfig
                0x000000000800198c      0x19c ./Drivers/STM32F0xx_HAL_Driver/Src/stm32f0xx_hal_rcc.o
                0x000000000800198c                HAL_RCC_ClockConfig
 .text.HAL_RCC_GetSysClockFreq
                0x0000000008001b28       0xc8 ./Drivers/STM32F0xx_HAL_Driver/Src/stm32f0xx_hal_rcc.o
                0x0000000008001b28                HAL_RCC_GetSysClockFreq
 .text.HAL_TIM_Base_Init
                0x0000000008001bf0       0xa0 ./Drivers/STM32F0xx_HAL_Driver/Src/stm32f0xx_hal_tim.o
                0x0000000008001bf0                HAL_TIM_Base_Init
 .text.HAL_TIM_OC_Init
                0x0000000008001c90       0xa0 ./Drivers/STM32F0xx_HAL_Driver/Src/stm32f0xx_hal_tim.o
                0x0000000008001c90                HAL_TIM_OC_Init
 .text.HAL_TIM_OC_MspInit
                0x0000000008001d30       0x10 ./Drivers/STM32F0xx_HAL_Driver/Src/stm32f0xx_hal_tim.o
                0x0000000008001d30                HAL_TIM_OC_MspInit
 .text.HAL_TIM_OC_Start
                0x0000000008001d40      0x170 ./Drivers/STM32F0xx_HAL_Driver/Src/stm32f0xx_hal_tim.o
                0x0000000008001d40                HAL_TIM_OC_Start
 .text.HAL_TIM_PWM_Init
                0x0000000008001eb0       0xa0 ./Drivers/STM32F0xx_HAL_Driver/Src/stm32f0xx_hal_tim.o
                0x0000000008001eb0                HAL_TIM_PWM_Init
 .text.HAL_TIM_PWM_MspInit
                0x0000000008001f50       0x10 ./Drivers/STM32F0xx_HAL_Driver/Src/stm32f0xx_hal_tim.o
                0x0000000008001f50                HAL_TIM_PWM_MspInit
 .text.HAL_TIM_PWM_Start
                0x0000000008001f60      0x170 ./Drivers/STM32F0xx_HAL_Driver/Src/stm32f0xx_hal_tim.o
                0x0000000008001f60                HAL_TIM_PWM_Start
 .text.HAL_TIM_OC_ConfigChannel
                0x00000000080020d0       0xb0 ./Drivers/STM32F0xx_HAL_Driver/Src/stm32f0xx_hal_tim.o
                0x00000000080020d0                HAL_TIM_OC_ConfigChannel
 .text.HAL_TIM_PWM_ConfigChannel
                0x0000000008002180      0x18c ./Drivers/STM32F0xx_HAL_Driver/Src/stm32f0xx_hal_tim.o
                0x0000000008002180                HAL_TIM_PWM_ConfigChannel
 .text.HAL_TIM_ConfigClockSource
                0x000000000800230c      0x1a8 ./Drivers/STM32F0xx_HAL_Driver/Src/stm32f0xx_hal_tim.o
                0x000000000800230c                HAL_TIM_ConfigClockSource
 .text.TIM_Base_SetConfig
                0x00000000080024b4      0x100 ./Drivers/STM32F0xx_HAL_Driver/Src/stm32f0xx_hal_tim.o
                0x00000000080024b4                TIM_Base_SetConfig
 .text.TIM_OC1_SetConfig
                0x00000000080025b4      0x110 ./Drivers/STM32F0xx_HAL_Driver/Src/stm32f0xx_hal_tim.o
 .text.TIM_OC2_SetConfig
                0x00000000080026c4      0x108 ./Drivers/STM32F0xx_HAL_Driver/Src/stm32f0xx_hal_tim.o
                0x00000000080026c4                TIM_OC2_SetConfig
 .text.TIM_OC3_SetConfig
                0x00000000080027cc      0x10c ./Drivers/STM32F0xx_HAL_Driver/Src/stm32f0xx_hal_tim.o
 .text.TIM_OC4_SetConfig
                0x00000000080028d8       0xd4 ./Drivers/STM32F0xx_HAL_Driver/Src/stm32f0xx_hal_tim.o
 .text.TIM_TI1_ConfigInputStage
                0x00000000080029ac       0x5c ./Drivers/STM32F0xx_HAL_Driver/Src/stm32f0xx_hal_tim.o
 .text.TIM_TI2_ConfigInputStage
                0x0000000008002a08       0x64 ./Drivers/STM32F0xx_HAL_Driver/Src/stm32f0xx_hal_tim.o
 .text.TIM_ITRx_SetConfig
                0x0000000008002a6c       0x32 ./Drivers/STM32F0xx_HAL_Driver/Src/stm32f0xx_hal_tim.o
 *fill*         0x0000000008002a9e        0x2 
 .text.TIM_ETR_SetConfig
                0x0000000008002aa0       0x40 ./Drivers/STM32F0xx_HAL_Driver/Src/stm32f0xx_hal_tim.o
                0x0000000008002aa0                TIM_ETR_SetConfig
 .text.TIM_CCxChannelCmd
                0x0000000008002ae0       0x46 ./Drivers/STM32F0xx_HAL_Driver/Src/stm32f0xx_hal_tim.o
                0x0000000008002ae0                TIM_CCxChannelCmd
 *fill*         0x0000000008002b26        0x2 
 .text.HAL_TIMEx_MasterConfigSynchronization
                0x0000000008002b28       0xbc ./Drivers/STM32F0xx_HAL_Driver/Src/stm32f0xx_hal_tim_ex.o
                0x0000000008002b28                HAL_TIMEx_MasterConfigSynchronization
 .text.__libc_init_array
                0x0000000008002be4       0x48 e:/st/stm32cubeide_1.9.0/stm32cubeide/plugins/com.st.stm32cube.ide.mcu.externaltools.gnu-tools-for-stm32.10.3-2021.10.win32_1.0.0.202111181127/tools/bin/../lib/gcc/arm-none-eabi/10.3.1/../../../../arm-none-eabi/lib/thumb/v6-m/nofp\libc_nano.a(lib_a-init.o)
                0x0000000008002be4                __libc_init_array
 .text.memset   0x0000000008002c2c       0x10 e:/st/stm32cubeide_1.9.0/stm32cubeide/plugins/com.st.stm32cube.ide.mcu.externaltools.gnu-tools-for-stm32.10.3-2021.10.win32_1.0.0.202111181127/tools/bin/../lib/gcc/arm-none-eabi/10.3.1/../../../../arm-none-eabi/lib/thumb/v6-m/nofp\libc_nano.a(lib_a-memset.o)
                0x0000000008002c2c                memset
 *(.glue_7)
 .glue_7        0x0000000008002c3c        0x0 linker stubs
 *(.glue_7t)
 .glue_7t       0x0000000008002c3c        0x0 linker stubs
 *(.eh_frame)
 .eh_frame      0x0000000008002c3c        0x0 e:/st/stm32cubeide_1.9.0/stm32cubeide/plugins/com.st.stm32cube.ide.mcu.externaltools.gnu-tools-for-stm32.10.3-2021.10.win32_1.0.0.202111181127/tools/bin/../lib/gcc/arm-none-eabi/10.3.1/thumb/v6-m/nofp/crtbegin.o
 *(.init)
 .init          0x0000000008002c3c        0x4 e:/st/stm32cubeide_1.9.0/stm32cubeide/plugins/com.st.stm32cube.ide.mcu.externaltools.gnu-tools-for-stm32.10.3-2021.10.win32_1.0.0.202111181127/tools/bin/../lib/gcc/arm-none-eabi/10.3.1/thumb/v6-m/nofp/crti.o
                0x0000000008002c3c                _init
 .init          0x0000000008002c40        0x8 e:/st/stm32cubeide_1.9.0/stm32cubeide/plugins/com.st.stm32cube.ide.mcu.externaltools.gnu-tools-for-stm32.10.3-2021.10.win32_1.0.0.202111181127/tools/bin/../lib/gcc/arm-none-eabi/10.3.1/thumb/v6-m/nofp/crtn.o
 *(.fini)
 .fini          0x0000000008002c48        0x4 e:/st/stm32cubeide_1.9.0/stm32cubeide/plugins/com.st.stm32cube.ide.mcu.externaltools.gnu-tools-for-stm32.10.3-2021.10.win32_1.0.0.202111181127/tools/bin/../lib/gcc/arm-none-eabi/10.3.1/thumb/v6-m/nofp/crti.o
                0x0000000008002c48                _fini
 .fini          0x0000000008002c4c        0x8 e:/st/stm32cubeide_1.9.0/stm32cubeide/plugins/com.st.stm32cube.ide.mcu.externaltools.gnu-tools-for-stm32.10.3-2021.10.win32_1.0.0.202111181127/tools/bin/../lib/gcc/arm-none-eabi/10.3.1/thumb/v6-m/nofp/crtn.o
                0x0000000008002c54                . = ALIGN (0x4)
                0x0000000008002c54                _etext = .

.vfp11_veneer   0x0000000008002c54        0x0
 .vfp11_veneer  0x0000000008002c54        0x0 linker stubs

.v4_bx          0x0000000008002c54        0x0
 .v4_bx         0x0000000008002c54        0x0 linker stubs

.iplt           0x0000000008002c54        0x0
 .iplt          0x0000000008002c54        0x0 e:/st/stm32cubeide_1.9.0/stm32cubeide/plugins/com.st.stm32cube.ide.mcu.externaltools.gnu-tools-for-stm32.10.3-2021.10.win32_1.0.0.202111181127/tools/bin/../lib/gcc/arm-none-eabi/10.3.1/thumb/v6-m/nofp/crtbegin.o

.rodata         0x0000000008002c54       0x30
                0x0000000008002c54                . = ALIGN (0x4)
 *(.rodata)
 .rodata        0x0000000008002c54       0x20 ./Drivers/STM32F0xx_HAL_Driver/Src/stm32f0xx_hal_rcc.o
 *(.rodata*)
 .rodata.AHBPrescTable
                0x0000000008002c74       0x10 ./Core/Src/system_stm32f0xx.o
                0x0000000008002c74                AHBPrescTable
                0x0000000008002c84                . = ALIGN (0x4)

.rel.dyn        0x0000000008002c84        0x0
 .rel.iplt      0x0000000008002c84        0x0 e:/st/stm32cubeide_1.9.0/stm32cubeide/plugins/com.st.stm32cube.ide.mcu.externaltools.gnu-tools-for-stm32.10.3-2021.10.win32_1.0.0.202111181127/tools/bin/../lib/gcc/arm-none-eabi/10.3.1/thumb/v6-m/nofp/crtbegin.o

.ARM.extab      0x0000000008002c84        0x0
                0x0000000008002c84                . = ALIGN (0x4)
 *(.ARM.extab* .gnu.linkonce.armextab.*)
                0x0000000008002c84                . = ALIGN (0x4)

.ARM            0x0000000008002c84        0x0
                0x0000000008002c84                . = ALIGN (0x4)
                0x0000000008002c84                __exidx_start = .
 *(.ARM.exidx*)
                0x0000000008002c84                __exidx_end = .
                0x0000000008002c84                . = ALIGN (0x4)

.preinit_array  0x0000000008002c84        0x0
                0x0000000008002c84                . = ALIGN (0x4)
                0x0000000008002c84                PROVIDE (__preinit_array_start = .)
 *(.preinit_array*)
                0x0000000008002c84                PROVIDE (__preinit_array_end = .)
                0x0000000008002c84                . = ALIGN (0x4)

.init_array     0x0000000008002c84        0x4
                0x0000000008002c84                . = ALIGN (0x4)
                0x0000000008002c84                PROVIDE (__init_array_start = .)
 *(SORT_BY_NAME(.init_array.*))
 *(.init_array*)
 .init_array    0x0000000008002c84        0x4 e:/st/stm32cubeide_1.9.0/stm32cubeide/plugins/com.st.stm32cube.ide.mcu.externaltools.gnu-tools-for-stm32.10.3-2021.10.win32_1.0.0.202111181127/tools/bin/../lib/gcc/arm-none-eabi/10.3.1/thumb/v6-m/nofp/crtbegin.o
                0x0000000008002c88                PROVIDE (__init_array_end = .)
                0x0000000008002c88                . = ALIGN (0x4)

.fini_array     0x0000000008002c88        0x4
                0x0000000008002c88                . = ALIGN (0x4)
                [!provide]                        PROVIDE (__fini_array_start = .)
 *(SORT_BY_NAME(.fini_array.*))
 *(.fini_array*)
 .fini_array    0x0000000008002c88        0x4 e:/st/stm32cubeide_1.9.0/stm32cubeide/plugins/com.st.stm32cube.ide.mcu.externaltools.gnu-tools-for-stm32.10.3-2021.10.win32_1.0.0.202111181127/tools/bin/../lib/gcc/arm-none-eabi/10.3.1/thumb/v6-m/nofp/crtbegin.o
                [!provide]                        PROVIDE (__fini_array_end = .)
                0x0000000008002c8c                . = ALIGN (0x4)
                0x0000000008002c8c                _sidata = LOADADDR (.data)

.data           0x0000000020000000      0x620 load address 0x0000000008002c8c
                0x0000000020000000                . = ALIGN (0x4)
                0x0000000020000000                _sdata = .
 *(.data)
 *(.data*)
 .data.DestAddress
                0x0000000020000000        0x4 ./Core/Src/main.o
                0x0000000020000000                DestAddress
 .data.sin_LUT  0x0000000020000004      0x200 ./Core/Src/main.o
                0x0000000020000004                sin_LUT
 .data.saw_LUT  0x0000000020000204      0x200 ./Core/Src/main.o
                0x0000000020000204                saw_LUT
 .data.triangle_LUT
                0x0000000020000404      0x200 ./Core/Src/main.o
                0x0000000020000404                triangle_LUT
 .data.SourceAddressSine
                0x0000000020000604        0x4 ./Core/Src/main.o
                0x0000000020000604                SourceAddressSine
 .data.SourceAddressTriangle
                0x0000000020000608        0x4 ./Core/Src/main.o
                0x0000000020000608                SourceAddressTriangle
 .data.SourceAddressSaw
                0x000000002000060c        0x4 ./Core/Src/main.o
                0x000000002000060c                SourceAddressSaw
 .data.TIM2_Ticks
                0x0000000020000610        0x4 ./Core/Src/main.o
                0x0000000020000610                TIM2_Ticks
 .data.SystemCoreClock
                0x0000000020000614        0x4 ./Core/Src/system_stm32f0xx.o
                0x0000000020000614                SystemCoreClock
 .data.uwTickPrio
                0x0000000020000618        0x4 ./Drivers/STM32F0xx_HAL_Driver/Src/stm32f0xx_hal.o
                0x0000000020000618                uwTickPrio
 .data.uwTickFreq
                0x000000002000061c        0x1 ./Drivers/STM32F0xx_HAL_Driver/Src/stm32f0xx_hal.o
                0x000000002000061c                uwTickFreq
 *(.RamFunc)
 *(.RamFunc*)
                0x0000000020000620                . = ALIGN (0x4)
 *fill*         0x000000002000061d        0x3 
                0x0000000020000620                _edata = .

.igot.plt       0x0000000020000620        0x0 load address 0x00000000080032ac
 .igot.plt      0x0000000020000620        0x0 e:/st/stm32cubeide_1.9.0/stm32cubeide/plugins/com.st.stm32cube.ide.mcu.externaltools.gnu-tools-for-stm32.10.3-2021.10.win32_1.0.0.202111181127/tools/bin/../lib/gcc/arm-none-eabi/10.3.1/thumb/v6-m/nofp/crtbegin.o
                0x0000000020000620                . = ALIGN (0x4)

.bss            0x0000000020000620      0x100 load address 0x00000000080032ac
                0x0000000020000620                _sbss = .
                0x0000000020000620                __bss_start__ = _sbss
 *(.bss)
 .bss           0x0000000020000620       0x1c e:/st/stm32cubeide_1.9.0/stm32cubeide/plugins/com.st.stm32cube.ide.mcu.externaltools.gnu-tools-for-stm32.10.3-2021.10.win32_1.0.0.202111181127/tools/bin/../lib/gcc/arm-none-eabi/10.3.1/thumb/v6-m/nofp/crtbegin.o
 *(.bss*)
 .bss.htim2     0x000000002000063c       0x48 ./Core/Src/main.o
                0x000000002000063c                htim2
 .bss.htim3     0x0000000020000684       0x48 ./Core/Src/main.o
                0x0000000020000684                htim3
 .bss.hdma_tim2_ch1
                0x00000000200006cc       0x44 ./Core/Src/main.o
                0x00000000200006cc                hdma_tim2_ch1
 .bss.ticks     0x0000000020000710        0x4 ./Core/Src/main.o
                0x0000000020000710                ticks
 .bss.prevTicks
                0x0000000020000714        0x4 ./Core/Src/main.o
                0x0000000020000714                prevTicks
 .bss.LUTcounter
                0x0000000020000718        0x4 ./Core/Src/main.o
                0x0000000020000718                LUTcounter
 .bss.uwTick    0x000000002000071c        0x4 ./Drivers/STM32F0xx_HAL_Driver/Src/stm32f0xx_hal.o
                0x000000002000071c                uwTick
 *(COMMON)
                0x0000000020000720                . = ALIGN (0x4)
                0x0000000020000720                _ebss = .
                0x0000000020000720                __bss_end__ = _ebss

._user_heap_stack
                0x0000000020000720      0x600 load address 0x00000000080032ac
                0x0000000020000720                . = ALIGN (0x8)
                [!provide]                        PROVIDE (end = .)
                0x0000000020000720                PROVIDE (_end = .)
                0x0000000020000920                . = (. + _Min_Heap_Size)
 *fill*         0x0000000020000720      0x200 
                0x0000000020000d20                . = (. + _Min_Stack_Size)
 *fill*         0x0000000020000920      0x400 
                0x0000000020000d20                . = ALIGN (0x8)

/DISCARD/
 libc.a(*)
 libm.a(*)
 libgcc.a(*)

.ARM.attributes
                0x0000000000000000       0x28
 *(.ARM.attributes)
 .ARM.attributes
                0x0000000000000000       0x1e e:/st/stm32cubeide_1.9.0/stm32cubeide/plugins/com.st.stm32cube.ide.mcu.externaltools.gnu-tools-for-stm32.10.3-2021.10.win32_1.0.0.202111181127/tools/bin/../lib/gcc/arm-none-eabi/10.3.1/thumb/v6-m/nofp/crti.o
 .ARM.attributes
                0x000000000000001e       0x2c e:/st/stm32cubeide_1.9.0/stm32cubeide/plugins/com.st.stm32cube.ide.mcu.externaltools.gnu-tools-for-stm32.10.3-2021.10.win32_1.0.0.202111181127/tools/bin/../lib/gcc/arm-none-eabi/10.3.1/thumb/v6-m/nofp/crtbegin.o
 .ARM.attributes
                0x000000000000004a       0x2c ./Core/Src/main.o
 .ARM.attributes
                0x0000000000000076       0x2c ./Core/Src/stm32f0xx_hal_msp.o
 .ARM.attributes
                0x00000000000000a2       0x2c ./Core/Src/stm32f0xx_it.o
 .ARM.attributes
                0x00000000000000ce       0x2c ./Core/Src/system_stm32f0xx.o
 .ARM.attributes
                0x00000000000000fa       0x21 ./Core/Startup/startup_stm32f051r8tx.o
 .ARM.attributes
                0x000000000000011b       0x2c ./Drivers/STM32F0xx_HAL_Driver/Src/stm32f0xx_hal.o
 .ARM.attributes
                0x0000000000000147       0x2c ./Drivers/STM32F0xx_HAL_Driver/Src/stm32f0xx_hal_cortex.o
 .ARM.attributes
                0x0000000000000173       0x2c ./Drivers/STM32F0xx_HAL_Driver/Src/stm32f0xx_hal_dma.o
 .ARM.attributes
                0x000000000000019f       0x2c ./Drivers/STM32F0xx_HAL_Driver/Src/stm32f0xx_hal_gpio.o
 .ARM.attributes
                0x00000000000001cb       0x2c ./Drivers/STM32F0xx_HAL_Driver/Src/stm32f0xx_hal_rcc.o
 .ARM.attributes
                0x00000000000001f7       0x2c ./Drivers/STM32F0xx_HAL_Driver/Src/stm32f0xx_hal_tim.o
 .ARM.attributes
                0x0000000000000223       0x2c ./Drivers/STM32F0xx_HAL_Driver/Src/stm32f0xx_hal_tim_ex.o
 .ARM.attributes
                0x000000000000024f       0x2c e:/st/stm32cubeide_1.9.0/stm32cubeide/plugins/com.st.stm32cube.ide.mcu.externaltools.gnu-tools-for-stm32.10.3-2021.10.win32_1.0.0.202111181127/tools/bin/../lib/gcc/arm-none-eabi/10.3.1/../../../../arm-none-eabi/lib/thumb/v6-m/nofp\libc_nano.a(lib_a-init.o)
 .ARM.attributes
                0x000000000000027b       0x2c e:/st/stm32cubeide_1.9.0/stm32cubeide/plugins/com.st.stm32cube.ide.mcu.externaltools.gnu-tools-for-stm32.10.3-2021.10.win32_1.0.0.202111181127/tools/bin/../lib/gcc/arm-none-eabi/10.3.1/../../../../arm-none-eabi/lib/thumb/v6-m/nofp\libc_nano.a(lib_a-memset.o)
 .ARM.attributes
                0x00000000000002a7       0x1e e:/st/stm32cubeide_1.9.0/stm32cubeide/plugins/com.st.stm32cube.ide.mcu.externaltools.gnu-tools-for-stm32.10.3-2021.10.win32_1.0.0.202111181127/tools/bin/../lib/gcc/arm-none-eabi/10.3.1/thumb/v6-m/nofp\libgcc.a(_udivsi3.o)
 .ARM.attributes
                0x00000000000002c5       0x1e e:/st/stm32cubeide_1.9.0/stm32cubeide/plugins/com.st.stm32cube.ide.mcu.externaltools.gnu-tools-for-stm32.10.3-2021.10.win32_1.0.0.202111181127/tools/bin/../lib/gcc/arm-none-eabi/10.3.1/thumb/v6-m/nofp\libgcc.a(_dvmd_tls.o)
 .ARM.attributes
                0x00000000000002e3       0x1e e:/st/stm32cubeide_1.9.0/stm32cubeide/plugins/com.st.stm32cube.ide.mcu.externaltools.gnu-tools-for-stm32.10.3-2021.10.win32_1.0.0.202111181127/tools/bin/../lib/gcc/arm-none-eabi/10.3.1/thumb/v6-m/nofp/crtn.o
OUTPUT(EEE3096S_2022_Prac_4_PWM_DAC_Student_Version.elf elf32-littlearm)
LOAD linker stubs
LOAD e:/st/stm32cubeide_1.9.0/stm32cubeide/plugins/com.st.stm32cube.ide.mcu.externaltools.gnu-tools-for-stm32.10.3-2021.10.win32_1.0.0.202111181127/tools/bin/../lib/gcc/arm-none-eabi/10.3.1/../../../../arm-none-eabi/lib/thumb/v6-m/nofp\libc.a
LOAD e:/st/stm32cubeide_1.9.0/stm32cubeide/plugins/com.st.stm32cube.ide.mcu.externaltools.gnu-tools-for-stm32.10.3-2021.10.win32_1.0.0.202111181127/tools/bin/../lib/gcc/arm-none-eabi/10.3.1/../../../../arm-none-eabi/lib/thumb/v6-m/nofp\libm.a
LOAD e:/st/stm32cubeide_1.9.0/stm32cubeide/plugins/com.st.stm32cube.ide.mcu.externaltools.gnu-tools-for-stm32.10.3-2021.10.win32_1.0.0.202111181127/tools/bin/../lib/gcc/arm-none-eabi/10.3.1/thumb/v6-m/nofp\libgcc.a

.debug_info     0x0000000000000000     0x8553
 .debug_info    0x0000000000000000     0x10a7 ./Core/Src/main.o
 .debug_info    0x00000000000010a7      0x9d6 ./Core/Src/stm32f0xx_hal_msp.o
 .debug_info    0x0000000000001a7d      0x353 ./Core/Src/stm32f0xx_it.o
 .debug_info    0x0000000000001dd0      0x269 ./Core/Src/system_stm32f0xx.o
 .debug_info    0x0000000000002039       0x22 ./Core/Startup/startup_stm32f051r8tx.o
 .debug_info    0x000000000000205b      0x6de ./Drivers/STM32F0xx_HAL_Driver/Src/stm32f0xx_hal.o
 .debug_info    0x0000000000002739      0x711 ./Drivers/STM32F0xx_HAL_Driver/Src/stm32f0xx_hal_cortex.o
 .debug_info    0x0000000000002e4a      0x752 ./Drivers/STM32F0xx_HAL_Driver/Src/stm32f0xx_hal_dma.o
 .debug_info    0x000000000000359c      0x621 ./Drivers/STM32F0xx_HAL_Driver/Src/stm32f0xx_hal_gpio.o
 .debug_info    0x0000000000003bbd      0x89f ./Drivers/STM32F0xx_HAL_Driver/Src/stm32f0xx_hal_rcc.o
 .debug_info    0x000000000000445c     0x2b69 ./Drivers/STM32F0xx_HAL_Driver/Src/stm32f0xx_hal_tim.o
 .debug_info    0x0000000000006fc5     0x158e ./Drivers/STM32F0xx_HAL_Driver/Src/stm32f0xx_hal_tim_ex.o

.debug_abbrev   0x0000000000000000     0x16a5
 .debug_abbrev  0x0000000000000000      0x29c ./Core/Src/main.o
 .debug_abbrev  0x000000000000029c      0x1e4 ./Core/Src/stm32f0xx_hal_msp.o
 .debug_abbrev  0x0000000000000480      0x130 ./Core/Src/stm32f0xx_it.o
 .debug_abbrev  0x00000000000005b0      0x116 ./Core/Src/system_stm32f0xx.o
 .debug_abbrev  0x00000000000006c6       0x12 ./Core/Startup/startup_stm32f051r8tx.o
 .debug_abbrev  0x00000000000006d8      0x23f ./Drivers/STM32F0xx_HAL_Driver/Src/stm32f0xx_hal.o
 .debug_abbrev  0x0000000000000917      0x283 ./Drivers/STM32F0xx_HAL_Driver/Src/stm32f0xx_hal_cortex.o
 .debug_abbrev  0x0000000000000b9a      0x1e9 ./Drivers/STM32F0xx_HAL_Driver/Src/stm32f0xx_hal_dma.o
 .debug_abbrev  0x0000000000000d83      0x1bb ./Drivers/STM32F0xx_HAL_Driver/Src/stm32f0xx_hal_gpio.o
 .debug_abbrev  0x0000000000000f3e      0x283 ./Drivers/STM32F0xx_HAL_Driver/Src/stm32f0xx_hal_rcc.o
 .debug_abbrev  0x00000000000011c1      0x26e ./Drivers/STM32F0xx_HAL_Driver/Src/stm32f0xx_hal_tim.o
 .debug_abbrev  0x000000000000142f      0x276 ./Drivers/STM32F0xx_HAL_Driver/Src/stm32f0xx_hal_tim_ex.o

.debug_aranges  0x0000000000000000      0x950
 .debug_aranges
                0x0000000000000000       0x58 ./Core/Src/main.o
 .debug_aranges
                0x0000000000000058       0x38 ./Core/Src/stm32f0xx_hal_msp.o
 .debug_aranges
                0x0000000000000090       0x48 ./Core/Src/stm32f0xx_it.o
 .debug_aranges
                0x00000000000000d8       0x28 ./Core/Src/system_stm32f0xx.o
 .debug_aranges
                0x0000000000000100       0x28 ./Core/Startup/startup_stm32f051r8tx.o
 .debug_aranges
                0x0000000000000128       0xd0 ./Drivers/STM32F0xx_HAL_Driver/Src/stm32f0xx_hal.o
 .debug_aranges
                0x00000000000001f8       0xc0 ./Drivers/STM32F0xx_HAL_Driver/Src/stm32f0xx_hal_cortex.o
 .debug_aranges
                0x00000000000002b8       0x88 ./Drivers/STM32F0xx_HAL_Driver/Src/stm32f0xx_hal_dma.o
 .debug_aranges
                0x0000000000000340       0x58 ./Drivers/STM32F0xx_HAL_Driver/Src/stm32f0xx_hal_gpio.o
 .debug_aranges
                0x0000000000000398       0x80 ./Drivers/STM32F0xx_HAL_Driver/Src/stm32f0xx_hal_rcc.o
 .debug_aranges
                0x0000000000000418      0x3d0 ./Drivers/STM32F0xx_HAL_Driver/Src/stm32f0xx_hal_tim.o
 .debug_aranges
                0x00000000000007e8      0x168 ./Drivers/STM32F0xx_HAL_Driver/Src/stm32f0xx_hal_tim_ex.o

.debug_ranges   0x0000000000000000      0x898
 .debug_ranges  0x0000000000000000       0x48 ./Core/Src/main.o
 .debug_ranges  0x0000000000000048       0x28 ./Core/Src/stm32f0xx_hal_msp.o
 .debug_ranges  0x0000000000000070       0x38 ./Core/Src/stm32f0xx_it.o
 .debug_ranges  0x00000000000000a8       0x18 ./Core/Src/system_stm32f0xx.o
 .debug_ranges  0x00000000000000c0       0x20 ./Core/Startup/startup_stm32f051r8tx.o
 .debug_ranges  0x00000000000000e0       0xc0 ./Drivers/STM32F0xx_HAL_Driver/Src/stm32f0xx_hal.o
 .debug_ranges  0x00000000000001a0       0xb0 ./Drivers/STM32F0xx_HAL_Driver/Src/stm32f0xx_hal_cortex.o
 .debug_ranges  0x0000000000000250       0x78 ./Drivers/STM32F0xx_HAL_Driver/Src/stm32f0xx_hal_dma.o
 .debug_ranges  0x00000000000002c8       0x48 ./Drivers/STM32F0xx_HAL_Driver/Src/stm32f0xx_hal_gpio.o
 .debug_ranges  0x0000000000000310       0x70 ./Drivers/STM32F0xx_HAL_Driver/Src/stm32f0xx_hal_rcc.o
 .debug_ranges  0x0000000000000380      0x3c0 ./Drivers/STM32F0xx_HAL_Driver/Src/stm32f0xx_hal_tim.o
 .debug_ranges  0x0000000000000740      0x158 ./Drivers/STM32F0xx_HAL_Driver/Src/stm32f0xx_hal_tim_ex.o

.debug_macro    0x0000000000000000    0x10ed5
 .debug_macro   0x0000000000000000      0x1cf ./Core/Src/main.o
 .debug_macro   0x00000000000001cf      0xa4e ./Core/Src/main.o
 .debug_macro   0x0000000000000c1d      0x12d ./Core/Src/main.o
 .debug_macro   0x0000000000000d4a       0x2e ./Core/Src/main.o
 .debug_macro   0x0000000000000d78       0x22 ./Core/Src/main.o
 .debug_macro   0x0000000000000d9a       0x22 ./Core/Src/main.o
 .debug_macro   0x0000000000000dbc       0x8e ./Core/Src/main.o
 .debug_macro   0x0000000000000e4a       0x51 ./Core/Src/main.o
 .debug_macro   0x0000000000000e9b      0x103 ./Core/Src/main.o
 .debug_macro   0x0000000000000f9e       0x6a ./Core/Src/main.o
 .debug_macro   0x0000000000001008      0x1df ./Core/Src/main.o
 .debug_macro   0x00000000000011e7       0x1c ./Core/Src/main.o
 .debug_macro   0x0000000000001203       0x22 ./Core/Src/main.o
 .debug_macro   0x0000000000001225       0xaf ./Core/Src/main.o
 .debug_macro   0x00000000000012d4      0x391 ./Core/Src/main.o
 .debug_macro   0x0000000000001665     0x8ce4 ./Core/Src/main.o
 .debug_macro   0x000000000000a349       0x66 ./Core/Src/main.o
 .debug_macro   0x000000000000a3af     0x34a6 ./Core/Src/main.o
 .debug_macro   0x000000000000d855      0x174 ./Core/Src/main.o
 .debug_macro   0x000000000000d9c9       0x55 ./Core/Src/main.o
 .debug_macro   0x000000000000da1e      0x924 ./Core/Src/main.o
 .debug_macro   0x000000000000e342      0x251 ./Core/Src/main.o
 .debug_macro   0x000000000000e593      0x1af ./Core/Src/main.o
 .debug_macro   0x000000000000e742      0x114 ./Core/Src/main.o
 .debug_macro   0x000000000000e856      0x1a0 ./Core/Src/main.o
 .debug_macro   0x000000000000e9f6      0x1ed ./Core/Src/main.o
 .debug_macro   0x000000000000ebe3       0x34 ./Core/Src/main.o
 .debug_macro   0x000000000000ec17       0x43 ./Core/Src/main.o
 .debug_macro   0x000000000000ec5a       0x28 ./Core/Src/main.o
 .debug_macro   0x000000000000ec82       0xb0 ./Core/Src/main.o
 .debug_macro   0x000000000000ed32      0x199 ./Core/Src/main.o
 .debug_macro   0x000000000000eecb      0x22c ./Core/Src/main.o
 .debug_macro   0x000000000000f0f7       0x61 ./Core/Src/main.o
 .debug_macro   0x000000000000f158       0xa5 ./Core/Src/main.o
 .debug_macro   0x000000000000f1fd       0x4c ./Core/Src/main.o
 .debug_macro   0x000000000000f249      0x112 ./Core/Src/main.o
 .debug_macro   0x000000000000f35b      0x8d8 ./Core/Src/main.o
 .debug_macro   0x000000000000fc33       0x28 ./Core/Src/main.o
 .debug_macro   0x000000000000fc5b      0x114 ./Core/Src/main.o
 .debug_macro   0x000000000000fd6f       0x34 ./Core/Src/main.o
 .debug_macro   0x000000000000fda3      0x1bd ./Core/Src/stm32f0xx_hal_msp.o
 .debug_macro   0x000000000000ff60      0x1c7 ./Core/Src/stm32f0xx_it.o
 .debug_macro   0x0000000000010127      0x1ae ./Core/Src/system_stm32f0xx.o
 .debug_macro   0x00000000000102d5      0x1d2 ./Drivers/STM32F0xx_HAL_Driver/Src/stm32f0xx_hal.o
 .debug_macro   0x00000000000104a7      0x1ae ./Drivers/STM32F0xx_HAL_Driver/Src/stm32f0xx_hal_cortex.o
 .debug_macro   0x0000000000010655      0x1ae ./Drivers/STM32F0xx_HAL_Driver/Src/stm32f0xx_hal_dma.o
 .debug_macro   0x0000000000010803      0x1b5 ./Drivers/STM32F0xx_HAL_Driver/Src/stm32f0xx_hal_gpio.o
 .debug_macro   0x00000000000109b8      0x1c0 ./Drivers/STM32F0xx_HAL_Driver/Src/stm32f0xx_hal_rcc.o
 .debug_macro   0x0000000000010b78      0x1af ./Drivers/STM32F0xx_HAL_Driver/Src/stm32f0xx_hal_tim.o
 .debug_macro   0x0000000000010d27      0x1ae ./Drivers/STM32F0xx_HAL_Driver/Src/stm32f0xx_hal_tim_ex.o

.debug_line     0x0000000000000000     0xa477
 .debug_line    0x0000000000000000      0x8bb ./Core/Src/main.o
 .debug_line    0x00000000000008bb      0x74b ./Core/Src/stm32f0xx_hal_msp.o
 .debug_line    0x0000000000001006      0x71d ./Core/Src/stm32f0xx_it.o
 .debug_line    0x0000000000001723      0x710 ./Core/Src/system_stm32f0xx.o
 .debug_line    0x0000000000001e33       0x89 ./Core/Startup/startup_stm32f051r8tx.o
 .debug_line    0x0000000000001ebc      0x91b ./Drivers/STM32F0xx_HAL_Driver/Src/stm32f0xx_hal.o
 .debug_line    0x00000000000027d7      0x9c7 ./Drivers/STM32F0xx_HAL_Driver/Src/stm32f0xx_hal_cortex.o
 .debug_line    0x000000000000319e      0xc37 ./Drivers/STM32F0xx_HAL_Driver/Src/stm32f0xx_hal_dma.o
 .debug_line    0x0000000000003dd5      0xa98 ./Drivers/STM32F0xx_HAL_Driver/Src/stm32f0xx_hal_gpio.o
 .debug_line    0x000000000000486d      0xd07 ./Drivers/STM32F0xx_HAL_Driver/Src/stm32f0xx_hal_rcc.o
 .debug_line    0x0000000000005574     0x364a ./Drivers/STM32F0xx_HAL_Driver/Src/stm32f0xx_hal_tim.o
 .debug_line    0x0000000000008bbe     0x18b9 ./Drivers/STM32F0xx_HAL_Driver/Src/stm32f0xx_hal_tim_ex.o

.debug_str      0x0000000000000000    0x68a95
 .debug_str     0x0000000000000000    0x66cae ./Core/Src/main.o
                                      0x67070 (size before relaxing)
 .debug_str     0x0000000000066cae       0x8d ./Core/Src/stm32f0xx_hal_msp.o
                                      0x66a3a (size before relaxing)
 .debug_str     0x0000000000066d3b       0x95 ./Core/Src/stm32f0xx_it.o
                                      0x6663a (size before relaxing)
 .debug_str     0x0000000000066dd0       0x8b ./Core/Src/system_stm32f0xx.o
                                      0x663e5 (size before relaxing)
 .debug_str     0x0000000000066e5b       0x36 ./Core/Startup/startup_stm32f051r8tx.o
                                         0xa4 (size before relaxing)
 .debug_str     0x0000000000066e91      0x378 ./Drivers/STM32F0xx_HAL_Driver/Src/stm32f0xx_hal.o
                                      0x669a8 (size before relaxing)
 .debug_str     0x0000000000067209      0x1b9 ./Drivers/STM32F0xx_HAL_Driver/Src/stm32f0xx_hal_cortex.o
                                      0x66799 (size before relaxing)
 .debug_str     0x00000000000673c2      0x204 ./Drivers/STM32F0xx_HAL_Driver/Src/stm32f0xx_hal_dma.o
                                      0x6678b (size before relaxing)
 .debug_str     0x00000000000675c6      0x10a ./Drivers/STM32F0xx_HAL_Driver/Src/stm32f0xx_hal_gpio.o
                                      0x66586 (size before relaxing)
 .debug_str     0x00000000000676d0      0x21a ./Drivers/STM32F0xx_HAL_Driver/Src/stm32f0xx_hal_rcc.o
                                      0x66821 (size before relaxing)
 .debug_str     0x00000000000678ea      0xd18 ./Drivers/STM32F0xx_HAL_Driver/Src/stm32f0xx_hal_tim.o
                                      0x677eb (size before relaxing)
 .debug_str     0x0000000000068602      0x493 ./Drivers/STM32F0xx_HAL_Driver/Src/stm32f0xx_hal_tim_ex.o
                                      0x67007 (size before relaxing)

.comment        0x0000000000000000       0x50
 .comment       0x0000000000000000       0x50 ./Core/Src/main.o
                                         0x51 (size before relaxing)
 .comment       0x0000000000000050       0x51 ./Core/Src/stm32f0xx_hal_msp.o
 .comment       0x0000000000000050       0x51 ./Core/Src/stm32f0xx_it.o
 .comment       0x0000000000000050       0x51 ./Core/Src/system_stm32f0xx.o
 .comment       0x0000000000000050       0x51 ./Drivers/STM32F0xx_HAL_Driver/Src/stm32f0xx_hal.o
 .comment       0x0000000000000050       0x51 ./Drivers/STM32F0xx_HAL_Driver/Src/stm32f0xx_hal_cortex.o
 .comment       0x0000000000000050       0x51 ./Drivers/STM32F0xx_HAL_Driver/Src/stm32f0xx_hal_dma.o
 .comment       0x0000000000000050       0x51 ./Drivers/STM32F0xx_HAL_Driver/Src/stm32f0xx_hal_gpio.o
 .comment       0x0000000000000050       0x51 ./Drivers/STM32F0xx_HAL_Driver/Src/stm32f0xx_hal_rcc.o
 .comment       0x0000000000000050       0x51 ./Drivers/STM32F0xx_HAL_Driver/Src/stm32f0xx_hal_tim.o
 .comment       0x0000000000000050       0x51 ./Drivers/STM32F0xx_HAL_Driver/Src/stm32f0xx_hal_tim_ex.o

.debug_frame    0x0000000000000000     0x2124
 .debug_frame   0x0000000000000000      0x108 ./Core/Src/main.o
 .debug_frame   0x0000000000000108       0x90 ./Core/Src/stm32f0xx_hal_msp.o
 .debug_frame   0x0000000000000198       0xb8 ./Core/Src/stm32f0xx_it.o
 .debug_frame   0x0000000000000250       0x4c ./Core/Src/system_stm32f0xx.o
 .debug_frame   0x000000000000029c      0x2a4 ./Drivers/STM32F0xx_HAL_Driver/Src/stm32f0xx_hal.o
 .debug_frame   0x0000000000000540      0x2a0 ./Drivers/STM32F0xx_HAL_Driver/Src/stm32f0xx_hal_cortex.o
 .debug_frame   0x00000000000007e0      0x1d0 ./Drivers/STM32F0xx_HAL_Driver/Src/stm32f0xx_hal_dma.o
 .debug_frame   0x00000000000009b0      0x110 ./Drivers/STM32F0xx_HAL_Driver/Src/stm32f0xx_hal_gpio.o
 .debug_frame   0x0000000000000ac0      0x198 ./Drivers/STM32F0xx_HAL_Driver/Src/stm32f0xx_hal_rcc.o
 .debug_frame   0x0000000000000c58      0xf00 ./Drivers/STM32F0xx_HAL_Driver/Src/stm32f0xx_hal_tim.o
 .debug_frame   0x0000000000001b58      0x560 ./Drivers/STM32F0xx_HAL_Driver/Src/stm32f0xx_hal_tim_ex.o
 .debug_frame   0x00000000000020b8       0x2c e:/st/stm32cubeide_1.9.0/stm32cubeide/plugins/com.st.stm32cube.ide.mcu.externaltools.gnu-tools-for-stm32.10.3-2021.10.win32_1.0.0.202111181127/tools/bin/../lib/gcc/arm-none-eabi/10.3.1/../../../../arm-none-eabi/lib/thumb/v6-m/nofp\libc_nano.a(lib_a-init.o)
 .debug_frame   0x00000000000020e4       0x20 e:/st/stm32cubeide_1.9.0/stm32cubeide/plugins/com.st.stm32cube.ide.mcu.externaltools.gnu-tools-for-stm32.10.3-2021.10.win32_1.0.0.202111181127/tools/bin/../lib/gcc/arm-none-eabi/10.3.1/../../../../arm-none-eabi/lib/thumb/v6-m/nofp\libc_nano.a(lib_a-memset.o)
 .debug_frame   0x0000000000002104       0x20 e:/st/stm32cubeide_1.9.0/stm32cubeide/plugins/com.st.stm32cube.ide.mcu.externaltools.gnu-tools-for-stm32.10.3-2021.10.win32_1.0.0.202111181127/tools/bin/../lib/gcc/arm-none-eabi/10.3.1/thumb/v6-m/nofp\libgcc.a(_udivsi3.o)
