16:04:05 **** Incremental Build of configuration Debug for project EEE3096S_2022_Prac_2_Delays_and_I2C_Student_Version ****
make -j8 all 
arm-none-eabi-gcc "../Core/Src/main.c" -mcpu=cortex-m0 -std=gnu11 -g3 -DDEBUG -DUSE_HAL_DRIVER -DSTM32F051x8 -c -I../Core/Inc -I../Drivers/STM32F0xx_HAL_Driver/Inc -I../Drivers/STM32F0xx_HAL_Driver/Inc/Legacy -I../Drivers/CMSIS/Device/ST/STM32F0xx/Include -I../Drivers/CMSIS/Include -O0 -ffunction-sections -fdata-sections -Wall -fstack-usage -MMD -MP -MF"Core/Src/main.d" -MT"Core/Src/main.o" --specs=nano.specs -mfloat-abi=soft -mthumb -o "Core/Src/main.o"
../Core/Src/main.c: In function 'main':
../Core/Src/main.c:159:19: warning: too many arguments for format [-Wformat-extra-args]
  159 |  sprintf (buffer, "\n", "new line");
      |                   ^~~~
../Core/Src/main.c:160:29: warning: pointer targets in passing argument 2 of 'HAL_UART_Transmit' differ in signedness [-Wpointer-sign]
  160 |  HAL_UART_Transmit(&huart2, buffer, sizeof(buffer), 1000);
      |                             ^~~~~~
      |                             |
      |                             char *
In file included from ../Core/Inc/stm32f0xx_hal_conf.h:289,
                 from ../Drivers/STM32F0xx_HAL_Driver/Inc/stm32f0xx_hal.h:30,
                 from ../Core/Inc/main.h:30,
                 from ../Core/Src/main.c:25:
../Drivers/STM32F0xx_HAL_Driver/Inc/stm32f0xx_hal_uart.h:1528:73: note: expected 'uint8_t *' {aka 'unsigned char *'} but argument is of type 'char *'
 1528 | HAL_StatusTypeDef HAL_UART_Transmit(UART_HandleTypeDef *huart, uint8_t *pData, uint16_t Size, uint32_t Timeout);
      |                                                                ~~~~~~~~~^~~~~
../Core/Src/main.c:163:29: warning: pointer targets in passing argument 2 of 'HAL_UART_Transmit' differ in signedness [-Wpointer-sign]
  163 |  HAL_UART_Transmit(&huart2, buffer, sizeof(buffer), 1000);
      |                             ^~~~~~
      |                             |
      |                             char *
In file included from ../Core/Inc/stm32f0xx_hal_conf.h:289,
                 from ../Drivers/STM32F0xx_HAL_Driver/Inc/stm32f0xx_hal.h:30,
                 from ../Core/Inc/main.h:30,
                 from ../Core/Src/main.c:25:
../Drivers/STM32F0xx_HAL_Driver/Inc/stm32f0xx_hal_uart.h:1528:73: note: expected 'uint8_t *' {aka 'unsigned char *'} but argument is of type 'char *'
 1528 | HAL_StatusTypeDef HAL_UART_Transmit(UART_HandleTypeDef *huart, uint8_t *pData, uint16_t Size, uint32_t Timeout);
      |                                                                ~~~~~~~~~^~~~~
../Core/Src/main.c:165:19: warning: too many arguments for format [-Wformat-extra-args]
  165 |  sprintf (buffer, "\n", "new line");
      |                   ^~~~
../Core/Src/main.c:166:29: warning: pointer targets in passing argument 2 of 'HAL_UART_Transmit' differ in signedness [-Wpointer-sign]
  166 |  HAL_UART_Transmit(&huart2, buffer, sizeof(buffer), 1000);
      |                             ^~~~~~
      |                             |
      |                             char *
In file included from ../Core/Inc/stm32f0xx_hal_conf.h:289,
                 from ../Drivers/STM32F0xx_HAL_Driver/Inc/stm32f0xx_hal.h:30,
                 from ../Core/Inc/main.h:30,
                 from ../Core/Src/main.c:25:
../Drivers/STM32F0xx_HAL_Driver/Inc/stm32f0xx_hal_uart.h:1528:73: note: expected 'uint8_t *' {aka 'unsigned char *'} but argument is of type 'char *'
 1528 | HAL_StatusTypeDef HAL_UART_Transmit(UART_HandleTypeDef *huart, uint8_t *pData, uint16_t Size, uint32_t Timeout);
      |                                                                ~~~~~~~~~^~~~~
../Core/Src/main.c: In function 'epochFromTime':
../Core/Src/main.c:484:1: warning: control reaches end of non-void function [-Wreturn-type]
  484 | }
      | ^
At top level:
../Core/Src/main.c:323:13: warning: 'MX_DMA_Init' defined but not used [-Wunused-function]
  323 | static void MX_DMA_Init(void)
      |             ^~~~~~~~~~~
../Core/Src/main.c:242:13: warning: 'MX_I2C1_Init' defined but not used [-Wunused-function]
  242 | static void MX_I2C1_Init(void)
      |             ^~~~~~~~~~~~
../Core/Src/main.c: In function 'epochFromTime':
../Core/Src/main.c:468:2: warning: 'months' is used uninitialized in this function [-Wuninitialized]
  468 |  switch(months){
      |  ^~~~~~
../Core/Src/main.c:472:7: warning: 'day' may be used uninitialized in this function [-Wmaybe-uninitialized]
  472 |   day += 31;
      |   ~~~~^~~~~
arm-none-eabi-gcc -o "EEE3096S_2022_Prac_2_Delays_and_I2C_Student_Version.elf" @"objects.list"   -mcpu=cortex-m0 -T"E:\UCT\3rd Year\EEE3096S\Practical 2\Practical 2 STM Files\EEE3096S_2022_Prac_2_Delays_and_I2C_Student_Version\STM32F051R8TX_FLASH.ld" --specs=nosys.specs -Wl,-Map="EEE3096S_2022_Prac_2_Delays_and_I2C_Student_Version.map" -Wl,--gc-sections -static --specs=nano.specs -mfloat-abi=soft -mthumb -Wl,--start-group -lc -lm -Wl,--end-group
Finished building target: EEE3096S_2022_Prac_2_Delays_and_I2C_Student_Version.elf
 
arm-none-eabi-size   EEE3096S_2022_Prac_2_Delays_and_I2C_Student_Version.elf 
arm-none-eabi-objdump -h -S  EEE3096S_2022_Prac_2_Delays_and_I2C_Student_Version.elf  > "EEE3096S_2022_Prac_2_Delays_and_I2C_Student_Version.list"
   text	   data	    bss	    dec	    hex	filename
  12604	    120	   1888	  14612	   3914	EEE3096S_2022_Prac_2_Delays_and_I2C_Student_Version.elf
Finished building: default.size.stdout
 
Finished building: EEE3096S_2022_Prac_2_Delays_and_I2C_Student_Version.list
 
16:04:09 **** Incremental Build of configuration Debug for project EEE3096S_2022_Prac_2_Delays_and_I2C_Student_Version ****
make -j8 all 
arm-none-eabi-size   EEE3096S_2022_Prac_2_Delays_and_I2C_Student_Version.elf 
   text	   data	    bss	    dec	    hex	filename
  12604	    120	   1888	  14612	   3914	EEE3096S_2022_Prac_2_Delays_and_I2C_Student_Version.elf
Finished building: default.size.stdout
 
