08:57:20 **** Incremental Build of configuration Debug for project EEE3096S_2022_Prac_3_ADCs_Interrupts_and_PWM_Student_Version ****
make -j8 all 
arm-none-eabi-gcc "../Core/Src/main.c" -mcpu=cortex-m0 -std=gnu11 -g3 -DDEBUG -DUSE_HAL_DRIVER -DSTM32F051x8 -c -I../Core/Inc -I../Drivers/STM32F0xx_HAL_Driver/Inc -I../Drivers/STM32F0xx_HAL_Driver/Inc/Legacy -I../Drivers/CMSIS/Device/ST/STM32F0xx/Include -I../Drivers/CMSIS/Include -O0 -ffunction-sections -fdata-sections -Wall -fstack-usage -MMD -MP -MF"Core/Src/main.d" -MT"Core/Src/main.o" --specs=nano.specs -mfloat-abi=soft -mthumb -o "Core/Src/main.o"
../Core/Src/main.c: In function 'main':
../Core/Src/main.c:133:4: warning: implicit declaration of function 'sprintf' [-Wimplicit-function-declaration]
  133 |    sprintf(buffer, "ADCVal:%d\r\n\r\n", ADCVal);
      |    ^~~~~~~
../Core/Src/main.c:133:4: warning: incompatible implicit declaration of built-in function 'sprintf'
../Core/Src/main.c:24:1: note: include '<stdio.h>' or provide a declaration of 'sprintf'
   23 | #include "main.h"
  +++ |+#include <stdio.h>
   24 | 
../Core/Src/main.c:134:31: warning: pointer targets in passing argument 2 of 'HAL_UART_Transmit' differ in signedness [-Wpointer-sign]
  134 |    HAL_UART_Transmit(&huart2, buffer, sizeof(buffer), 1000);
      |                               ^~~~~~
      |                               |
      |                               char *
In file included from ../Core/Inc/stm32f0xx_hal_conf.h:289,
                 from ../Drivers/STM32F0xx_HAL_Driver/Inc/stm32f0xx_hal.h:30,
                 from ../Core/Inc/main.h:30,
                 from ../Core/Src/main.c:23:
../Drivers/STM32F0xx_HAL_Driver/Inc/stm32f0xx_hal_uart.h:1528:73: note: expected 'uint8_t *' {aka 'unsigned char *'} but argument is of type 'char *'
 1528 | HAL_StatusTypeDef HAL_UART_Transmit(UART_HandleTypeDef *huart, uint8_t *pData, uint16_t Size, uint32_t Timeout);
      |                                                                ~~~~~~~~~^~~~~
../Core/Src/main.c:137:28: warning: format '%d' expects argument of type 'int', but argument 3 has type 'uint32_t' {aka 'long unsigned int'} [-Wformat=]
  137 |    sprintf(buffer,"CRRVal:%d\r\n\r\n", ADCtoCRR(ADCVal));
      |                           ~^           ~~~~~~~~~~~~~~~~
      |                            |           |
      |                            int         uint32_t {aka long unsigned int}
      |                           %ld
../Core/Src/main.c:138:31: warning: pointer targets in passing argument 2 of 'HAL_UART_Transmit' differ in signedness [-Wpointer-sign]
  138 |    HAL_UART_Transmit(&huart2, buffer, sizeof(buffer), 1000);
      |                               ^~~~~~
      |                               |
      |                               char *
In file included from ../Core/Inc/stm32f0xx_hal_conf.h:289,
                 from ../Drivers/STM32F0xx_HAL_Driver/Inc/stm32f0xx_hal.h:30,
                 from ../Core/Inc/main.h:30,
                 from ../Core/Src/main.c:23:
../Drivers/STM32F0xx_HAL_Driver/Inc/stm32f0xx_hal_uart.h:1528:73: note: expected 'uint8_t *' {aka 'unsigned char *'} but argument is of type 'char *'
 1528 | HAL_StatusTypeDef HAL_UART_Transmit(UART_HandleTypeDef *huart, uint8_t *pData, uint16_t Size, uint32_t Timeout);
      |                                                                ~~~~~~~~~^~~~~
../Core/Src/main.c:145:31: warning: format '%d' expects argument of type 'int', but argument 3 has type 'long unsigned int' [-Wformat=]
  145 |    sprintf(buffer,"DutyCycle:%d\r\n\r\n", ADCtoCRR(ADCVal)*100/47999);
      |                              ~^           ~~~~~~~~~~~~~~~~~~~~~~~~~~
      |                               |                               |
      |                               int                             long unsigned int
      |                              %ld
../Core/Src/main.c:146:31: warning: pointer targets in passing argument 2 of 'HAL_UART_Transmit' differ in signedness [-Wpointer-sign]
  146 |    HAL_UART_Transmit(&huart2, buffer, sizeof(buffer), 1000);
      |                               ^~~~~~
      |                               |
      |                               char *
In file included from ../Core/Inc/stm32f0xx_hal_conf.h:289,
                 from ../Drivers/STM32F0xx_HAL_Driver/Inc/stm32f0xx_hal.h:30,
                 from ../Core/Inc/main.h:30,
                 from ../Core/Src/main.c:23:
../Drivers/STM32F0xx_HAL_Driver/Inc/stm32f0xx_hal_uart.h:1528:73: note: expected 'uint8_t *' {aka 'unsigned char *'} but argument is of type 'char *'
 1528 | HAL_StatusTypeDef HAL_UART_Transmit(UART_HandleTypeDef *huart, uint8_t *pData, uint16_t Size, uint32_t Timeout);
      |                                                                ~~~~~~~~~^~~~~
arm-none-eabi-gcc -o "EEE3096S_2022_Prac_3_ADCs_Interrupts_and_PWM_Student_Version.elf" @"objects.list"   -mcpu=cortex-m0 -T"E:\UCT\3rd Year\EEE3096S\Practical 3\Practical 3 Workspace\EEE3096S_2022_Prac_3_ADCs_Interrupts_and_PWM_Student_Version\STM32F051R8TX_FLASH.ld" --specs=nosys.specs -Wl,-Map="EEE3096S_2022_Prac_3_ADCs_Interrupts_and_PWM_Student_Version.map" -Wl,--gc-sections -static --specs=nano.specs -mfloat-abi=soft -mthumb -Wl,--start-group -lc -lm -Wl,--end-group
Finished building target: EEE3096S_2022_Prac_3_ADCs_Interrupts_and_PWM_Student_Version.elf
 
arm-none-eabi-size   EEE3096S_2022_Prac_3_ADCs_Interrupts_and_PWM_Student_Version.elf 
arm-none-eabi-objdump -h -S  EEE3096S_2022_Prac_3_ADCs_Interrupts_and_PWM_Student_Version.elf  > "EEE3096S_2022_Prac_3_ADCs_Interrupts_and_PWM_Student_Version.list"
   text	   data	    bss	    dec	    hex	filename
  20524	    124	   2028	  22676	   5894	EEE3096S_2022_Prac_3_ADCs_Interrupts_and_PWM_Student_Version.elf
Finished building: default.size.stdout
 
Finished building: EEE3096S_2022_Prac_3_ADCs_Interrupts_and_PWM_Student_Version.list
 
08:57:25 **** Incremental Build of configuration Debug for project EEE3096S_2022_Prac_3_ADCs_Interrupts_and_PWM_Student_Version ****
make -j8 all 
arm-none-eabi-size   EEE3096S_2022_Prac_3_ADCs_Interrupts_and_PWM_Student_Version.elf 
   text	   data	    bss	    dec	    hex	filename
  20524	    124	   2028	  22676	   5894	EEE3096S_2022_Prac_3_ADCs_Interrupts_and_PWM_Student_Version.elf
Finished building: default.size.stdout
 
