../Core/Src/main.c:106:5:main	32	static
../Core/Src/main.c:196:6:SystemClock_Config	104	static
../Core/Src/main.c:242:13:MX_I2C1_Init	8	static
../Core/Src/main.c:290:13:MX_USART2_UART_Init	8	static
../Core/Src/main.c:323:13:MX_DMA_Init	16	static
../Core/Src/main.c:341:13:MX_GPIO_Init	56	static
../Core/Src/main.c:370:6:pause_sec	24	static
../Core/Src/main.c:383:9:decToBcd	24	static
../Core/Src/main.c:393:5:bcdToDec	16	static
../Core/Src/main.c:406:6:setTime	48	static
../Core/Src/main.c:434:6:getTime	32	static
../Core/Src/main.c:459:5:epochFromTime	40	static
../Core/Src/main.c:548:6:Error_Handler	8	static,ignoring_inline_asm
